"system f" (line 2, column 1):
unexpected end of input
The variable y has not been bound